// Jest Snapshot v1, https://goo.gl/fbAQLP

exports[`LockSmith #instanciation throws an error on instanciation if some keys do not match the right pattern 1`] = `"Provided keys must match the right pattern."`;

exports[`LockSmith #readHexFile reads and writes the hex content of a dump 1`] = `
Array [
  Array [
    51,
    189,
    157,
    63,
    44,
    152,
    2,
    0,
    100,
    143,
    132,
    20,
    65,
    80,
    34,
    18,
  ],
  Array [
    9,
    15,
    24,
    8,
    0,
    0,
    0,
    0,
    0,
    0,
    3,
    1,
    0,
    0,
    64,
    11,
  ],
  Array [
    0,
    0,
    0,
    0,
    64,
    12,
    64,
    12,
    64,
    12,
    0,
    4,
    0,
    4,
    0,
    5,
  ],
  Array [
    160,
    161,
    162,
    163,
    164,
    165,
    120,
    119,
    136,
    193,
    125,
    224,
    42,
    127,
    96,
    37,
  ],
  Array [
    65,
    141,
    80,
    201,
    141,
    127,
    150,
    36,
    98,
    0,
    76,
    128,
    0,
    0,
    255,
    204,
  ],
  Array [
    31,
    161,
    1,
    65,
    0,
    209,
    1,
    192,
    96,
    0,
    0,
    0,
    4,
    154,
    42,
    159,
  ],
  Array [
    31,
    161,
    1,
    65,
    0,
    209,
    1,
    192,
    96,
    0,
    0,
    0,
    4,
    154,
    42,
    159,
  ],
  Array [
    39,
    53,
    252,
    24,
    24,
    7,
    120,
    119,
    136,
    0,
    191,
    35,
    165,
    60,
    31,
    99,
  ],
  Array [
    48,
    101,
    6,
    23,
    48,
    7,
    114,
    32,
    41,
    96,
    18,
    80,
    91,
    116,
    192,
    93,
  ],
  Array [
    104,
    199,
    1,
    218,
    36,
    192,
    39,
    236,
    224,
    238,
    154,
    153,
    192,
    202,
    173,
    177,
  ],
  Array [
    200,
    37,
    145,
    132,
    47,
    11,
    131,
    4,
    162,
    160,
    104,
    209,
    244,
    224,
    22,
    231,
  ],
  Array [
    42,
    186,
    149,
    25,
    245,
    116,
    120,
    119,
    136,
    255,
    203,
    154,
    31,
    45,
    115,
    104,
  ],
  Array [
    108,
    19,
    90,
    222,
    119,
    192,
    247,
    161,
    31,
    9,
    173,
    5,
    157,
    69,
    114,
    12,
  ],
  Array [
    60,
    13,
    200,
    80,
    16,
    227,
    239,
    114,
    59,
    250,
    213,
    132,
    196,
    173,
    80,
    157,
  ],
  Array [
    4,
    14,
    130,
    22,
    37,
    241,
    65,
    104,
    4,
    14,
    216,
    238,
    97,
    168,
    246,
    53,
  ],
  Array [
    132,
    253,
    127,
    122,
    18,
    182,
    120,
    119,
    136,
    255,
    199,
    192,
    173,
    179,
    40,
    79,
  ],
  Array [
    66,
    13,
    83,
    249,
    219,
    211,
    54,
    36,
    97,
    0,
    76,
    128,
    0,
    0,
    188,
    24,
  ],
  Array [
    31,
    81,
    1,
    65,
    0,
    209,
    1,
    192,
    144,
    0,
    4,
    36,
    2,
    128,
    189,
    206,
  ],
  Array [
    31,
    81,
    1,
    65,
    0,
    209,
    1,
    192,
    144,
    0,
    4,
    36,
    2,
    128,
    189,
    206,
  ],
  Array [
    115,
    6,
    143,
    17,
    140,
    19,
    120,
    119,
    136,
    0,
    43,
    127,
    50,
    83,
    250,
    197,
  ],
  Array [
    0,
    0,
    0,
    0,
    0,
    0,
    0,
    0,
    0,
    0,
    0,
    0,
    0,
    0,
    0,
    0,
  ],
  Array [
    1,
    119,
    0,
    0,
    144,
    114,
    34,
    2,
    150,
    83,
    53,
    32,
    32,
    32,
    32,
    32,
  ],
  Array [
    0,
    0,
    0,
    0,
    0,
    0,
    0,
    0,
    0,
    0,
    0,
    0,
    0,
    0,
    0,
    0,
  ],
  Array [
    24,
    109,
    140,
    75,
    147,
    249,
    8,
    119,
    143,
    2,
    159,
    19,
    29,
    140,
    32,
    87,
  ],
  Array [
    0,
    0,
    0,
    0,
    0,
    0,
    0,
    0,
    0,
    0,
    0,
    0,
    0,
    0,
    0,
    0,
  ],
  Array [
    0,
    0,
    0,
    0,
    0,
    0,
    0,
    0,
    0,
    0,
    0,
    0,
    0,
    0,
    0,
    0,
  ],
  Array [
    0,
    0,
    0,
    0,
    0,
    0,
    0,
    0,
    0,
    0,
    0,
    0,
    0,
    0,
    0,
    0,
  ],
  Array [
    58,
    75,
    186,
    138,
    218,
    240,
    8,
    119,
    143,
    2,
    103,
    54,
    45,
    144,
    249,
    115,
  ],
  Array [
    0,
    0,
    0,
    0,
    0,
    0,
    0,
    0,
    0,
    0,
    0,
    0,
    0,
    0,
    0,
    11,
  ],
  Array [
    0,
    0,
    0,
    0,
    0,
    0,
    0,
    0,
    0,
    0,
    0,
    0,
    0,
    0,
    0,
    11,
  ],
  Array [
    0,
    0,
    0,
    0,
    0,
    0,
    0,
    0,
    0,
    0,
    0,
    0,
    0,
    0,
    0,
    11,
  ],
  Array [
    135,
    101,
    177,
    121,
    104,
    162,
    8,
    119,
    143,
    2,
    98,
    2,
    163,
    143,
    105,
    226,
  ],
  Array [
    0,
    0,
    0,
    0,
    0,
    0,
    0,
    0,
    0,
    0,
    0,
    0,
    0,
    0,
    0,
    0,
  ],
  Array [
    0,
    0,
    0,
    0,
    0,
    0,
    0,
    0,
    0,
    0,
    0,
    0,
    0,
    0,
    0,
    0,
  ],
  Array [
    0,
    0,
    0,
    0,
    0,
    0,
    0,
    0,
    0,
    0,
    0,
    0,
    0,
    0,
    0,
    0,
  ],
  Array [
    64,
    234,
    216,
    7,
    33,
    206,
    8,
    119,
    143,
    2,
    16,
    5,
    51,
    184,
    147,
    49,
  ],
  Array [
    0,
    0,
    0,
    0,
    0,
    0,
    0,
    0,
    0,
    0,
    0,
    0,
    0,
    0,
    0,
    0,
  ],
  Array [
    0,
    0,
    0,
    0,
    0,
    0,
    0,
    0,
    0,
    0,
    0,
    0,
    0,
    0,
    0,
    0,
  ],
  Array [
    0,
    0,
    0,
    0,
    0,
    0,
    0,
    0,
    0,
    0,
    0,
    0,
    0,
    0,
    0,
    0,
  ],
  Array [
    13,
    181,
    230,
    82,
    63,
    124,
    120,
    119,
    136,
    0,
    101,
    58,
    135,
    89,
    64,
    121,
  ],
  Array [
    0,
    0,
    0,
    0,
    0,
    0,
    0,
    0,
    0,
    0,
    0,
    0,
    0,
    0,
    0,
    0,
  ],
  Array [
    0,
    0,
    0,
    0,
    0,
    0,
    0,
    0,
    0,
    0,
    0,
    0,
    0,
    0,
    0,
    0,
  ],
  Array [
    0,
    0,
    0,
    0,
    0,
    0,
    0,
    0,
    0,
    0,
    0,
    0,
    0,
    0,
    0,
    0,
  ],
  Array [
    81,
    17,
    157,
    174,
    82,
    22,
    120,
    119,
    136,
    0,
    216,
    162,
    116,
    178,
    224,
    38,
  ],
  Array [
    0,
    0,
    0,
    0,
    0,
    0,
    0,
    0,
    0,
    0,
    0,
    0,
    0,
    0,
    0,
    0,
  ],
  Array [
    0,
    0,
    0,
    0,
    0,
    0,
    0,
    0,
    0,
    0,
    0,
    0,
    0,
    0,
    0,
    0,
  ],
  Array [
    0,
    0,
    0,
    0,
    0,
    0,
    0,
    0,
    0,
    0,
    0,
    0,
    0,
    0,
    0,
    0,
  ],
  Array [
    81,
    17,
    157,
    174,
    82,
    22,
    120,
    119,
    136,
    0,
    216,
    162,
    116,
    178,
    224,
    38,
  ],
  Array [
    0,
    49,
    7,
    9,
    23,
    6,
    48,
    0,
    0,
    0,
    0,
    0,
    0,
    0,
    0,
    0,
  ],
  Array [
    0,
    0,
    0,
    0,
    0,
    0,
    0,
    0,
    0,
    0,
    0,
    0,
    0,
    0,
    0,
    0,
  ],
  Array [
    0,
    0,
    0,
    0,
    0,
    0,
    0,
    0,
    0,
    0,
    0,
    0,
    0,
    0,
    0,
    0,
  ],
  Array [
    81,
    17,
    157,
    174,
    82,
    22,
    120,
    119,
    136,
    0,
    216,
    162,
    116,
    178,
    224,
    38,
  ],
  Array [
    33,
    192,
    237,
    242,
    232,
    239,
    238,
    226,
    224,
    32,
    32,
    32,
    32,
    32,
    32,
    32,
  ],
  Array [
    32,
    32,
    32,
    32,
    32,
    32,
    32,
    32,
    32,
    32,
    32,
    32,
    32,
    32,
    32,
    32,
  ],
  Array [
    32,
    32,
    0,
    129,
    102,
    0,
    200,
    49,
    57,
    57,
    54,
    48,
    50,
    50,
    50,
    0,
  ],
  Array [
    160,
    161,
    162,
    163,
    164,
    165,
    120,
    119,
    136,
    0,
    125,
    224,
    42,
    127,
    96,
    37,
  ],
  Array [
    110,
    192,
    237,
    237,
    224,
    32,
    209,
    229,
    240,
    227,
    229,
    229,
    226,
    237,
    224,
    32,
  ],
  Array [
    32,
    32,
    32,
    32,
    32,
    32,
    32,
    32,
    32,
    32,
    32,
    32,
    32,
    32,
    32,
    32,
  ],
  Array [
    32,
    32,
    32,
    32,
    32,
    32,
    32,
    32,
    32,
    32,
    32,
    32,
    32,
    32,
    32,
    0,
  ],
  Array [
    160,
    161,
    162,
    163,
    164,
    165,
    120,
    119,
    136,
    0,
    125,
    224,
    42,
    127,
    96,
    37,
  ],
  Array [
    2,
    150,
    67,
    144,
    119,
    34,
    2,
    150,
    1,
    37,
    15,
    23,
    6,
    0,
    119,
    19,
  ],
  Array [
    9,
    16,
    33,
    109,
    0,
    0,
    0,
    0,
    0,
    0,
    0,
    0,
    0,
    0,
    0,
    0,
  ],
  Array [
    0,
    0,
    0,
    0,
    0,
    0,
    0,
    0,
    0,
    0,
    0,
    0,
    0,
    0,
    0,
    9,
  ],
  Array [
    160,
    161,
    162,
    163,
    164,
    165,
    120,
    119,
    136,
    86,
    125,
    224,
    42,
    127,
    96,
    37,
  ],
  Array [
    0,
    0,
    0,
    0,
    0,
    0,
    0,
    0,
    0,
    0,
    0,
    0,
    0,
    0,
    0,
    0,
  ],
  Array [
    0,
    0,
    0,
    0,
    0,
    0,
    0,
    0,
    0,
    0,
    0,
    0,
    0,
    0,
    0,
    0,
  ],
  Array [
    0,
    0,
    0,
    0,
    0,
    0,
    0,
    0,
    0,
    0,
    0,
    0,
    0,
    0,
    0,
    0,
  ],
  Array [
    131,
    227,
    84,
    156,
    228,
    45,
    120,
    119,
    136,
    0,
    178,
    11,
    131,
    203,
    20,
    92,
  ],
  Array [
    0,
    0,
    0,
    0,
    0,
    0,
    0,
    0,
    0,
    0,
    0,
    0,
    0,
    0,
    0,
    0,
  ],
  Array [
    0,
    0,
    0,
    0,
    0,
    0,
    0,
    0,
    0,
    0,
    0,
    0,
    0,
    0,
    0,
    0,
  ],
  Array [
    0,
    0,
    0,
    0,
    0,
    0,
    0,
    0,
    0,
    0,
    0,
    0,
    0,
    0,
    0,
    0,
  ],
  Array [
    19,
    107,
    219,
    36,
    108,
    172,
    120,
    119,
    136,
    0,
    154,
    250,
    108,
    180,
    252,
    61,
  ],
  Array [
    0,
    0,
    0,
    0,
    0,
    0,
    0,
    0,
    0,
    0,
    0,
    0,
    0,
    0,
    0,
    0,
  ],
  Array [
    0,
    0,
    0,
    0,
    0,
    0,
    0,
    0,
    0,
    0,
    0,
    0,
    0,
    0,
    0,
    0,
  ],
  Array [
    0,
    0,
    0,
    0,
    0,
    0,
    0,
    0,
    0,
    0,
    0,
    0,
    0,
    0,
    0,
    0,
  ],
  Array [
    47,
    135,
    247,
    64,
    144,
    209,
    120,
    119,
    136,
    0,
    148,
    244,
    109,
    181,
    253,
    70,
  ],
  Array [
    0,
    0,
    0,
    0,
    0,
    0,
    0,
    0,
    0,
    0,
    0,
    0,
    0,
    0,
    0,
    0,
  ],
  Array [
    0,
    0,
    0,
    0,
    0,
    0,
    0,
    0,
    0,
    0,
    0,
    0,
    0,
    0,
    0,
    0,
  ],
  Array [
    0,
    0,
    0,
    0,
    0,
    0,
    0,
    0,
    0,
    0,
    0,
    0,
    0,
    0,
    0,
    0,
  ],
  Array [
    229,
    62,
    174,
    254,
    71,
    143,
    120,
    119,
    136,
    0,
    195,
    28,
    140,
    212,
    29,
    101,
  ],
  Array [
    0,
    0,
    0,
    0,
    0,
    0,
    0,
    0,
    0,
    0,
    0,
    0,
    0,
    0,
    0,
    0,
  ],
  Array [
    0,
    0,
    0,
    0,
    0,
    0,
    0,
    0,
    0,
    0,
    0,
    0,
    0,
    0,
    0,
    0,
  ],
  Array [
    0,
    0,
    0,
    0,
    0,
    0,
    0,
    0,
    0,
    0,
    0,
    0,
    0,
    0,
    0,
    0,
  ],
  Array [
    206,
    39,
    151,
    231,
    48,
    112,
    120,
    119,
    136,
    0,
    187,
    22,
    132,
    204,
    21,
    93,
  ],
  Array [
    0,
    0,
    0,
    0,
    0,
    0,
    0,
    0,
    0,
    0,
    0,
    0,
    0,
    0,
    0,
    0,
  ],
  Array [
    0,
    0,
    0,
    0,
    0,
    0,
    0,
    0,
    0,
    0,
    0,
    0,
    0,
    0,
    0,
    0,
  ],
  Array [
    0,
    0,
    0,
    0,
    0,
    0,
    0,
    0,
    0,
    0,
    0,
    0,
    0,
    0,
    0,
    0,
  ],
  Array [
    50,
    138,
    3,
    75,
    147,
    219,
    120,
    119,
    136,
    0,
    202,
    35,
    147,
    219,
    36,
    108,
  ],
  Array [
    0,
    0,
    0,
    0,
    0,
    0,
    0,
    0,
    0,
    0,
    0,
    0,
    0,
    0,
    0,
    0,
  ],
  Array [
    0,
    0,
    0,
    0,
    0,
    0,
    0,
    0,
    0,
    0,
    0,
    0,
    0,
    0,
    0,
    0,
  ],
  Array [
    0,
    0,
    0,
    0,
    0,
    0,
    0,
    0,
    0,
    0,
    0,
    0,
    0,
    0,
    0,
    0,
  ],
  Array [
    129,
    225,
    82,
    154,
    226,
    43,
    120,
    119,
    136,
    0,
    29,
    117,
    229,
    46,
    118,
    190,
  ],
  Array [
    0,
    0,
    0,
    0,
    0,
    0,
    0,
    0,
    0,
    0,
    0,
    0,
    0,
    0,
    0,
    0,
  ],
  Array [
    0,
    0,
    0,
    0,
    0,
    0,
    0,
    0,
    0,
    0,
    0,
    0,
    0,
    0,
    0,
    0,
  ],
  Array [
    0,
    0,
    0,
    0,
    0,
    0,
    0,
    0,
    0,
    0,
    0,
    0,
    0,
    0,
    0,
    0,
  ],
  Array [
    252,
    85,
    197,
    14,
    87,
    159,
    120,
    119,
    136,
    0,
    129,
    217,
    82,
    154,
    226,
    35,
  ],
  Array [
    0,
    0,
    0,
    0,
    0,
    0,
    0,
    0,
    0,
    0,
    0,
    0,
    0,
    0,
    0,
    0,
  ],
  Array [
    0,
    0,
    0,
    0,
    0,
    0,
    0,
    0,
    0,
    0,
    0,
    0,
    0,
    0,
    0,
    0,
  ],
  Array [
    0,
    0,
    0,
    0,
    0,
    0,
    0,
    0,
    0,
    0,
    0,
    0,
    0,
    0,
    0,
    0,
  ],
  Array [
    26,
    114,
    226,
    51,
    123,
    195,
    120,
    119,
    136,
    0,
    1,
    89,
    201,
    18,
    90,
    162,
  ],
  Array [
    0,
    0,
    0,
    0,
    0,
    0,
    0,
    0,
    0,
    0,
    0,
    0,
    0,
    0,
    0,
    0,
  ],
  Array [
    0,
    0,
    0,
    0,
    0,
    0,
    0,
    0,
    0,
    0,
    0,
    0,
    0,
    0,
    0,
    0,
  ],
  Array [
    0,
    0,
    0,
    0,
    0,
    0,
    0,
    0,
    0,
    0,
    0,
    0,
    0,
    0,
    0,
    0,
  ],
  Array [
    93,
    181,
    38,
    118,
    190,
    7,
    8,
    119,
    143,
    0,
    82,
    170,
    27,
    107,
    179,
    251,
  ],
  Array [
    0,
    0,
    0,
    0,
    0,
    0,
    0,
    0,
    0,
    0,
    0,
    0,
    0,
    0,
    0,
    0,
  ],
  Array [
    0,
    0,
    0,
    0,
    0,
    0,
    0,
    0,
    0,
    0,
    0,
    0,
    0,
    0,
    0,
    0,
  ],
  Array [
    0,
    0,
    0,
    0,
    0,
    0,
    0,
    0,
    0,
    0,
    0,
    0,
    0,
    0,
    0,
    0,
  ],
  Array [
    246,
    79,
    191,
    8,
    80,
    152,
    8,
    119,
    143,
    0,
    151,
    239,
    96,
    168,
    240,
    49,
  ],
  Array [
    0,
    0,
    0,
    0,
    0,
    0,
    0,
    0,
    0,
    0,
    0,
    0,
    0,
    0,
    0,
    0,
  ],
  Array [
    0,
    0,
    0,
    0,
    0,
    0,
    0,
    0,
    0,
    0,
    0,
    0,
    0,
    0,
    0,
    0,
  ],
  Array [
    0,
    0,
    0,
    0,
    0,
    0,
    0,
    0,
    0,
    0,
    0,
    0,
    0,
    0,
    0,
    0,
  ],
  Array [
    143,
    231,
    88,
    168,
    240,
    57,
    8,
    119,
    143,
    0,
    111,
    199,
    56,
    136,
    208,
    17,
  ],
  Array [
    0,
    0,
    0,
    0,
    0,
    0,
    0,
    0,
    0,
    0,
    0,
    0,
    0,
    0,
    0,
    0,
  ],
  Array [
    0,
    0,
    0,
    0,
    0,
    0,
    0,
    0,
    0,
    0,
    0,
    0,
    0,
    0,
    0,
    0,
  ],
  Array [
    0,
    0,
    0,
    0,
    0,
    0,
    0,
    0,
    0,
    0,
    0,
    0,
    0,
    0,
    0,
    0,
  ],
  Array [
    187,
    20,
    132,
    204,
    21,
    93,
    120,
    119,
    136,
    0,
    58,
    146,
    250,
    67,
    139,
    211,
  ],
  Array [
    0,
    0,
    0,
    0,
    0,
    0,
    0,
    0,
    0,
    0,
    0,
    0,
    0,
    0,
    0,
    0,
  ],
  Array [
    0,
    0,
    0,
    0,
    0,
    0,
    0,
    0,
    0,
    0,
    0,
    0,
    0,
    0,
    0,
    0,
  ],
  Array [
    0,
    0,
    0,
    0,
    0,
    0,
    0,
    0,
    0,
    0,
    0,
    0,
    0,
    0,
    0,
    0,
  ],
  Array [
    187,
    20,
    132,
    204,
    21,
    93,
    120,
    119,
    136,
    0,
    116,
    204,
    61,
    133,
    205,
    14,
  ],
  Array [
    0,
    0,
    0,
    0,
    0,
    0,
    0,
    0,
    0,
    0,
    0,
    0,
    0,
    0,
    0,
    0,
  ],
  Array [
    0,
    0,
    0,
    0,
    0,
    0,
    0,
    0,
    0,
    0,
    0,
    0,
    0,
    0,
    0,
    0,
  ],
  Array [
    0,
    0,
    0,
    0,
    0,
    0,
    0,
    0,
    0,
    0,
    0,
    0,
    0,
    0,
    0,
    0,
  ],
  Array [
    187,
    20,
    132,
    204,
    21,
    93,
    120,
    119,
    136,
    0,
    2,
    90,
    202,
    27,
    99,
    163,
  ],
  Array [
    0,
    0,
    0,
    0,
    0,
    0,
    0,
    0,
    0,
    0,
    0,
    0,
    0,
    0,
    0,
    0,
  ],
  Array [
    0,
    0,
    0,
    0,
    0,
    0,
    0,
    0,
    0,
    0,
    0,
    0,
    0,
    0,
    0,
    0,
  ],
  Array [
    0,
    0,
    0,
    0,
    0,
    0,
    0,
    0,
    0,
    0,
    0,
    0,
    0,
    0,
    0,
    0,
  ],
  Array [
    65,
    153,
    10,
    82,
    154,
    226,
    120,
    119,
    136,
    0,
    175,
    8,
    120,
    200,
    17,
    81,
  ],
  Array [
    192,
    205,
    210,
    200,
    207,
    206,
    194,
    192,
    32,
    32,
    32,
    32,
    32,
    32,
    32,
    32,
  ],
  Array [
    32,
    32,
    32,
    32,
    32,
    32,
    32,
    32,
    32,
    32,
    32,
    32,
    32,
    32,
    32,
    32,
  ],
  Array [
    32,
    32,
    32,
    32,
    32,
    32,
    32,
    32,
    192,
    205,
    205,
    192,
    32,
    32,
    32,
    32,
  ],
  Array [
    32,
    32,
    32,
    32,
    32,
    32,
    32,
    32,
    32,
    32,
    32,
    32,
    32,
    32,
    32,
    32,
  ],
  Array [
    32,
    32,
    32,
    32,
    32,
    32,
    32,
    32,
    32,
    32,
    32,
    32,
    32,
    32,
    32,
    32,
  ],
  Array [
    209,
    197,
    208,
    195,
    197,
    197,
    194,
    205,
    192,
    32,
    32,
    32,
    32,
    32,
    32,
    32,
  ],
  Array [
    32,
    32,
    32,
    32,
    32,
    32,
    32,
    32,
    32,
    32,
    32,
    32,
    32,
    32,
    32,
    32,
  ],
  Array [
    32,
    32,
    32,
    32,
    32,
    32,
    32,
    32,
    25,
    150,
    2,
    34,
    150,
    67,
    144,
    119,
  ],
  Array [
    34,
    2,
    150,
    1,
    37,
    15,
    23,
    6,
    0,
    119,
    33,
    49,
    57,
    56,
    50,
    54,
  ],
  Array [
    51,
    32,
    32,
    32,
    32,
    32,
    32,
    32,
    32,
    52,
    54,
    49,
    49,
    32,
    32,
    32,
  ],
  Array [
    32,
    32,
    32,
    32,
    32,
    32,
    32,
    80,
    0,
    9,
    32,
    16,
    17,
    37,
    210,
    207,
  ],
  Array [
    32,
    51,
    32,
    206,
    211,
    212,
    204,
    209,
    32,
    208,
    206,
    209,
    209,
    200,
    200,
    32,
  ],
  Array [
    207,
    206,
    32,
    204,
    206,
    32,
    194,
    32,
    193,
    192,
    203,
    192,
    216,
    200,
    213,
    200,
  ],
  Array [
    205,
    209,
    202,
    206,
    204,
    32,
    208,
    192,
    201,
    206,
    205,
    197,
    32,
    32,
    32,
    32,
  ],
  Array [
    32,
    32,
    32,
    32,
    32,
    32,
    32,
    32,
    32,
    32,
    32,
    32,
    32,
    32,
    32,
    244,
  ],
  Array [
    205,
    46,
    158,
    230,
    47,
    119,
    120,
    119,
    136,
    1,
    155,
    251,
    108,
    180,
    252,
    69,
  ],
  Array [
    32,
    32,
    32,
    32,
    32,
    32,
    32,
    32,
    32,
    32,
    32,
    32,
    32,
    32,
    32,
    32,
  ],
  Array [
    32,
    32,
    32,
    32,
    32,
    32,
    32,
    32,
    32,
    32,
    32,
    32,
    32,
    32,
    32,
    32,
  ],
  Array [
    32,
    32,
    32,
    32,
    32,
    32,
    32,
    32,
    32,
    32,
    32,
    32,
    32,
    32,
    32,
    32,
  ],
  Array [
    32,
    32,
    32,
    32,
    32,
    32,
    32,
    32,
    32,
    32,
    32,
    32,
    32,
    32,
    32,
    32,
  ],
  Array [
    32,
    32,
    32,
    32,
    32,
    32,
    32,
    32,
    32,
    32,
    32,
    32,
    32,
    32,
    32,
    32,
  ],
  Array [
    32,
    32,
    32,
    32,
    32,
    32,
    32,
    32,
    32,
    32,
    32,
    32,
    32,
    32,
    32,
    32,
  ],
  Array [
    32,
    32,
    32,
    32,
    32,
    32,
    32,
    32,
    32,
    32,
    32,
    32,
    32,
    32,
    32,
    32,
  ],
  Array [
    32,
    32,
    32,
    32,
    32,
    32,
    32,
    32,
    32,
    32,
    32,
    32,
    32,
    32,
    32,
    32,
  ],
  Array [
    32,
    32,
    32,
    32,
    32,
    32,
    32,
    32,
    32,
    32,
    32,
    32,
    32,
    32,
    32,
    32,
  ],
  Array [
    32,
    32,
    32,
    32,
    32,
    32,
    32,
    32,
    32,
    32,
    32,
    32,
    32,
    32,
    32,
    32,
  ],
  Array [
    32,
    32,
    32,
    32,
    32,
    32,
    32,
    32,
    32,
    32,
    32,
    32,
    32,
    32,
    32,
    32,
  ],
  Array [
    32,
    32,
    32,
    32,
    32,
    32,
    32,
    32,
    32,
    0,
    0,
    0,
    0,
    0,
    0,
    0,
  ],
  Array [
    0,
    0,
    0,
    0,
    0,
    0,
    0,
    0,
    0,
    0,
    0,
    0,
    0,
    0,
    0,
    0,
  ],
  Array [
    0,
    0,
    0,
    0,
    0,
    0,
    0,
    0,
    0,
    0,
    0,
    0,
    0,
    0,
    0,
    0,
  ],
  Array [
    0,
    0,
    0,
    0,
    0,
    0,
    0,
    0,
    0,
    0,
    0,
    0,
    0,
    0,
    0,
    100,
  ],
  Array [
    205,
    46,
    158,
    230,
    47,
    119,
    120,
    119,
    136,
    1,
    247,
    80,
    192,
    9,
    81,
    153,
  ],
  Array [
    0,
    0,
    0,
    0,
    0,
    0,
    0,
    0,
    0,
    0,
    0,
    0,
    0,
    0,
    0,
    0,
  ],
  Array [
    0,
    0,
    0,
    0,
    0,
    0,
    0,
    0,
    0,
    0,
    0,
    0,
    0,
    0,
    0,
    0,
  ],
  Array [
    0,
    0,
    0,
    0,
    0,
    0,
    0,
    0,
    0,
    0,
    0,
    0,
    0,
    0,
    0,
    0,
  ],
  Array [
    0,
    0,
    0,
    0,
    0,
    0,
    0,
    0,
    0,
    0,
    0,
    0,
    0,
    0,
    0,
    0,
  ],
  Array [
    0,
    0,
    0,
    0,
    0,
    0,
    0,
    0,
    0,
    0,
    0,
    0,
    0,
    0,
    0,
    0,
  ],
  Array [
    0,
    0,
    0,
    0,
    0,
    0,
    0,
    0,
    0,
    0,
    0,
    0,
    0,
    0,
    0,
    0,
  ],
  Array [
    0,
    0,
    0,
    0,
    0,
    0,
    0,
    0,
    0,
    0,
    0,
    0,
    0,
    0,
    0,
    0,
  ],
  Array [
    0,
    0,
    0,
    0,
    0,
    0,
    0,
    0,
    0,
    0,
    0,
    0,
    0,
    0,
    0,
    0,
  ],
  Array [
    0,
    0,
    0,
    0,
    0,
    0,
    0,
    0,
    0,
    0,
    0,
    0,
    0,
    0,
    0,
    0,
  ],
  Array [
    0,
    0,
    0,
    0,
    0,
    0,
    0,
    0,
    0,
    0,
    0,
    0,
    0,
    0,
    0,
    0,
  ],
  Array [
    0,
    0,
    0,
    0,
    0,
    0,
    0,
    0,
    0,
    0,
    0,
    0,
    0,
    0,
    0,
    0,
  ],
  Array [
    0,
    0,
    0,
    0,
    0,
    0,
    0,
    0,
    0,
    0,
    0,
    0,
    0,
    0,
    0,
    0,
  ],
  Array [
    0,
    0,
    0,
    0,
    0,
    0,
    0,
    0,
    0,
    0,
    0,
    0,
    0,
    0,
    0,
    0,
  ],
  Array [
    0,
    0,
    0,
    0,
    0,
    0,
    0,
    0,
    0,
    0,
    0,
    0,
    0,
    0,
    0,
    0,
  ],
  Array [
    0,
    0,
    0,
    0,
    0,
    0,
    0,
    0,
    0,
    0,
    0,
    0,
    0,
    0,
    0,
    0,
  ],
  Array [
    105,
    193,
    50,
    122,
    194,
    11,
    120,
    119,
    136,
    0,
    7,
    95,
    207,
    24,
    96,
    168,
  ],
  Array [
    0,
    0,
    0,
    0,
    0,
    0,
    0,
    0,
    0,
    0,
    0,
    0,
    0,
    0,
    0,
    0,
  ],
  Array [
    0,
    0,
    0,
    0,
    0,
    0,
    0,
    0,
    0,
    0,
    0,
    0,
    0,
    0,
    0,
    0,
  ],
  Array [
    0,
    0,
    0,
    0,
    0,
    0,
    0,
    0,
    0,
    0,
    0,
    0,
    0,
    0,
    0,
    0,
  ],
  Array [
    0,
    0,
    0,
    0,
    0,
    0,
    0,
    0,
    0,
    0,
    0,
    0,
    0,
    0,
    0,
    0,
  ],
  Array [
    0,
    0,
    0,
    0,
    0,
    0,
    0,
    0,
    0,
    0,
    0,
    0,
    0,
    0,
    0,
    0,
  ],
  Array [
    0,
    0,
    0,
    0,
    0,
    0,
    0,
    0,
    0,
    0,
    0,
    0,
    0,
    0,
    0,
    0,
  ],
  Array [
    0,
    0,
    0,
    0,
    0,
    0,
    0,
    0,
    0,
    0,
    0,
    0,
    0,
    0,
    0,
    0,
  ],
  Array [
    0,
    0,
    0,
    0,
    0,
    0,
    0,
    0,
    0,
    0,
    0,
    0,
    0,
    0,
    0,
    0,
  ],
  Array [
    0,
    0,
    0,
    0,
    0,
    0,
    0,
    0,
    0,
    0,
    0,
    0,
    0,
    0,
    0,
    0,
  ],
  Array [
    0,
    0,
    0,
    0,
    0,
    0,
    0,
    0,
    0,
    0,
    0,
    0,
    0,
    0,
    0,
    0,
  ],
  Array [
    0,
    0,
    0,
    0,
    0,
    0,
    0,
    0,
    0,
    0,
    0,
    0,
    0,
    0,
    0,
    0,
  ],
  Array [
    0,
    0,
    0,
    0,
    0,
    0,
    0,
    0,
    0,
    0,
    0,
    0,
    0,
    0,
    0,
    0,
  ],
  Array [
    0,
    0,
    0,
    0,
    0,
    0,
    0,
    0,
    0,
    0,
    0,
    0,
    0,
    0,
    0,
    0,
  ],
  Array [
    0,
    0,
    0,
    0,
    0,
    0,
    0,
    0,
    0,
    0,
    0,
    0,
    0,
    0,
    0,
    0,
  ],
  Array [
    0,
    0,
    0,
    0,
    0,
    0,
    0,
    0,
    0,
    0,
    0,
    0,
    0,
    0,
    0,
    0,
  ],
  Array [
    60,
    156,
    13,
    85,
    157,
    229,
    120,
    119,
    136,
    0,
    38,
    134,
    238,
    63,
    135,
    199,
  ],
  Array [
    0,
    0,
    0,
    0,
    0,
    0,
    0,
    0,
    0,
    0,
    0,
    0,
    0,
    0,
    0,
    0,
  ],
  Array [
    0,
    0,
    0,
    0,
    0,
    0,
    0,
    0,
    0,
    0,
    0,
    0,
    0,
    0,
    0,
    0,
  ],
  Array [
    0,
    0,
    0,
    0,
    0,
    0,
    0,
    0,
    0,
    0,
    0,
    0,
    0,
    0,
    0,
    0,
  ],
  Array [
    0,
    0,
    0,
    0,
    0,
    0,
    0,
    0,
    0,
    0,
    0,
    0,
    0,
    0,
    0,
    0,
  ],
  Array [
    0,
    0,
    0,
    0,
    0,
    0,
    0,
    0,
    0,
    0,
    0,
    0,
    0,
    0,
    0,
    0,
  ],
  Array [
    0,
    0,
    0,
    0,
    0,
    0,
    0,
    0,
    0,
    0,
    0,
    0,
    0,
    0,
    0,
    0,
  ],
  Array [
    0,
    0,
    0,
    0,
    0,
    0,
    0,
    0,
    0,
    0,
    0,
    0,
    0,
    0,
    0,
    0,
  ],
  Array [
    0,
    0,
    0,
    0,
    0,
    0,
    0,
    0,
    0,
    0,
    0,
    0,
    0,
    0,
    0,
    0,
  ],
  Array [
    0,
    0,
    0,
    0,
    0,
    0,
    0,
    0,
    0,
    0,
    0,
    0,
    0,
    0,
    0,
    0,
  ],
  Array [
    0,
    0,
    0,
    0,
    0,
    0,
    0,
    0,
    0,
    0,
    0,
    0,
    0,
    0,
    0,
    0,
  ],
  Array [
    0,
    0,
    0,
    0,
    0,
    0,
    0,
    0,
    0,
    0,
    0,
    0,
    0,
    0,
    0,
    0,
  ],
  Array [
    0,
    0,
    0,
    0,
    0,
    0,
    0,
    0,
    0,
    0,
    0,
    0,
    0,
    0,
    0,
    0,
  ],
  Array [
    0,
    0,
    0,
    0,
    0,
    0,
    0,
    0,
    0,
    0,
    0,
    0,
    0,
    0,
    0,
    0,
  ],
  Array [
    0,
    0,
    0,
    0,
    0,
    0,
    0,
    0,
    0,
    0,
    0,
    0,
    0,
    0,
    0,
    0,
  ],
  Array [
    0,
    0,
    0,
    0,
    0,
    0,
    0,
    0,
    0,
    0,
    0,
    0,
    0,
    0,
    0,
    0,
  ],
  Array [
    103,
    191,
    56,
    128,
    200,
    17,
    120,
    119,
    136,
    0,
    39,
    127,
    239,
    56,
    128,
    192,
  ],
  Array [
    0,
    0,
    0,
    0,
    0,
    0,
    0,
    0,
    0,
    0,
    0,
    0,
    0,
    0,
    0,
    0,
  ],
  Array [
    0,
    0,
    0,
    0,
    0,
    0,
    0,
    0,
    0,
    0,
    0,
    0,
    0,
    0,
    0,
    0,
  ],
  Array [
    0,
    0,
    0,
    0,
    0,
    0,
    0,
    0,
    0,
    0,
    0,
    0,
    0,
    0,
    0,
    0,
  ],
  Array [
    0,
    0,
    0,
    0,
    0,
    0,
    0,
    0,
    0,
    0,
    0,
    0,
    0,
    0,
    0,
    0,
  ],
  Array [
    0,
    0,
    0,
    0,
    0,
    0,
    0,
    0,
    0,
    0,
    0,
    0,
    0,
    0,
    0,
    0,
  ],
  Array [
    0,
    0,
    0,
    0,
    0,
    0,
    0,
    0,
    0,
    0,
    0,
    0,
    0,
    0,
    0,
    0,
  ],
  Array [
    0,
    0,
    0,
    0,
    0,
    0,
    0,
    0,
    0,
    0,
    0,
    0,
    0,
    0,
    0,
    0,
  ],
  Array [
    0,
    0,
    0,
    0,
    0,
    0,
    0,
    0,
    0,
    0,
    0,
    0,
    0,
    0,
    0,
    0,
  ],
  Array [
    0,
    0,
    0,
    0,
    0,
    0,
    0,
    0,
    0,
    0,
    0,
    0,
    0,
    0,
    0,
    0,
  ],
  Array [
    0,
    0,
    0,
    0,
    0,
    0,
    0,
    0,
    0,
    0,
    0,
    0,
    0,
    0,
    0,
    0,
  ],
  Array [
    0,
    0,
    0,
    0,
    0,
    0,
    0,
    0,
    0,
    0,
    0,
    0,
    0,
    0,
    0,
    0,
  ],
  Array [
    0,
    0,
    0,
    0,
    0,
    0,
    0,
    0,
    0,
    0,
    0,
    0,
    0,
    0,
    0,
    0,
  ],
  Array [
    0,
    0,
    0,
    0,
    0,
    0,
    0,
    0,
    0,
    0,
    0,
    0,
    0,
    0,
    0,
    0,
  ],
  Array [
    0,
    0,
    0,
    0,
    0,
    0,
    0,
    0,
    0,
    0,
    0,
    0,
    0,
    0,
    0,
    0,
  ],
  Array [
    0,
    0,
    0,
    0,
    0,
    0,
    0,
    0,
    0,
    0,
    0,
    0,
    0,
    0,
    0,
    0,
  ],
  Array [
    72,
    160,
    17,
    89,
    161,
    233,
    120,
    119,
    136,
    0,
    130,
    218,
    75,
    147,
    219,
    28,
  ],
  Array [
    0,
    0,
    0,
    0,
    0,
    0,
    0,
    0,
    0,
    0,
    0,
    0,
    0,
    0,
    0,
    0,
  ],
  Array [
    0,
    0,
    0,
    0,
    0,
    0,
    0,
    0,
    0,
    0,
    0,
    0,
    0,
    0,
    0,
    0,
  ],
  Array [
    0,
    0,
    0,
    0,
    0,
    0,
    0,
    0,
    0,
    0,
    0,
    0,
    0,
    0,
    0,
    0,
  ],
  Array [
    0,
    0,
    0,
    0,
    0,
    0,
    0,
    0,
    0,
    0,
    0,
    0,
    0,
    0,
    0,
    0,
  ],
  Array [
    0,
    0,
    0,
    0,
    0,
    0,
    0,
    0,
    0,
    0,
    0,
    0,
    0,
    0,
    0,
    0,
  ],
  Array [
    0,
    0,
    0,
    0,
    0,
    0,
    0,
    0,
    0,
    0,
    0,
    0,
    0,
    0,
    0,
    0,
  ],
  Array [
    0,
    0,
    0,
    0,
    0,
    0,
    0,
    0,
    0,
    0,
    0,
    0,
    0,
    0,
    0,
    0,
  ],
  Array [
    0,
    0,
    0,
    0,
    0,
    0,
    0,
    0,
    0,
    0,
    0,
    0,
    0,
    0,
    0,
    0,
  ],
  Array [
    0,
    0,
    0,
    0,
    0,
    0,
    0,
    0,
    0,
    0,
    0,
    0,
    0,
    0,
    0,
    0,
  ],
  Array [
    0,
    0,
    0,
    0,
    0,
    0,
    0,
    0,
    0,
    0,
    0,
    0,
    0,
    0,
    0,
    0,
  ],
  Array [
    0,
    0,
    0,
    0,
    0,
    0,
    0,
    0,
    0,
    0,
    0,
    0,
    0,
    0,
    0,
    0,
  ],
  Array [
    0,
    0,
    0,
    0,
    0,
    0,
    0,
    0,
    0,
    0,
    0,
    0,
    0,
    0,
    0,
    0,
  ],
  Array [
    0,
    0,
    0,
    0,
    0,
    0,
    0,
    0,
    0,
    0,
    0,
    0,
    0,
    0,
    0,
    0,
  ],
  Array [
    0,
    0,
    0,
    0,
    0,
    0,
    0,
    0,
    0,
    0,
    0,
    0,
    0,
    0,
    0,
    0,
  ],
  Array [
    0,
    0,
    0,
    0,
    0,
    0,
    0,
    0,
    0,
    0,
    0,
    0,
    0,
    0,
    0,
    0,
  ],
  Array [
    43,
    131,
    251,
    68,
    140,
    212,
    120,
    119,
    136,
    0,
    156,
    244,
    109,
    181,
    253,
    70,
  ],
  Array [
    0,
    0,
    0,
    0,
    0,
    0,
    0,
    0,
    0,
    0,
    0,
    0,
    0,
    0,
    0,
    0,
  ],
  Array [
    0,
    0,
    0,
    0,
    0,
    0,
    0,
    0,
    0,
    0,
    0,
    0,
    0,
    0,
    0,
    0,
  ],
  Array [
    0,
    0,
    0,
    0,
    0,
    0,
    0,
    0,
    0,
    0,
    0,
    0,
    0,
    0,
    0,
    0,
  ],
  Array [
    0,
    0,
    0,
    0,
    0,
    0,
    0,
    0,
    0,
    0,
    0,
    0,
    0,
    0,
    0,
    0,
  ],
  Array [
    0,
    0,
    0,
    0,
    0,
    0,
    0,
    0,
    0,
    0,
    0,
    0,
    0,
    0,
    0,
    0,
  ],
  Array [
    0,
    0,
    0,
    0,
    0,
    0,
    0,
    0,
    0,
    0,
    0,
    0,
    0,
    0,
    0,
    0,
  ],
  Array [
    0,
    0,
    0,
    0,
    0,
    0,
    0,
    0,
    0,
    0,
    0,
    0,
    0,
    0,
    0,
    0,
  ],
  Array [
    0,
    0,
    0,
    0,
    0,
    0,
    0,
    0,
    0,
    0,
    0,
    0,
    0,
    0,
    0,
    0,
  ],
  Array [
    0,
    0,
    0,
    0,
    0,
    0,
    0,
    0,
    0,
    0,
    0,
    0,
    0,
    0,
    0,
    0,
  ],
  Array [
    0,
    0,
    0,
    0,
    0,
    0,
    0,
    0,
    0,
    0,
    0,
    0,
    0,
    0,
    0,
    0,
  ],
  Array [
    0,
    0,
    0,
    0,
    0,
    0,
    0,
    0,
    0,
    0,
    0,
    0,
    0,
    0,
    0,
    0,
  ],
  Array [
    0,
    0,
    0,
    0,
    0,
    0,
    0,
    0,
    0,
    0,
    0,
    0,
    0,
    0,
    0,
    0,
  ],
  Array [
    0,
    0,
    0,
    0,
    0,
    0,
    0,
    0,
    0,
    0,
    0,
    0,
    0,
    0,
    0,
    0,
  ],
  Array [
    0,
    0,
    0,
    0,
    0,
    0,
    0,
    0,
    0,
    0,
    0,
    0,
    0,
    0,
    0,
    0,
  ],
  Array [
    0,
    0,
    0,
    0,
    0,
    0,
    0,
    0,
    0,
    0,
    0,
    0,
    0,
    0,
    0,
    0,
  ],
  Array [
    242,
    75,
    187,
    4,
    76,
    148,
    120,
    119,
    136,
    18,
    147,
    235,
    100,
    172,
    244,
    61,
  ],
]
`;

exports[`LockSmith #readHexFile reads but doesn't write the hex content of a dump 1`] = `
Array [
  Array [
    51,
    189,
    157,
    63,
    44,
    152,
    2,
    0,
    100,
    143,
    132,
    20,
    65,
    80,
    34,
    18,
  ],
  Array [
    9,
    15,
    24,
    8,
    0,
    0,
    0,
    0,
    0,
    0,
    3,
    1,
    0,
    0,
    64,
    11,
  ],
  Array [
    0,
    0,
    0,
    0,
    64,
    12,
    64,
    12,
    64,
    12,
    0,
    4,
    0,
    4,
    0,
    5,
  ],
  Array [
    160,
    161,
    162,
    163,
    164,
    165,
    120,
    119,
    136,
    193,
    125,
    224,
    42,
    127,
    96,
    37,
  ],
  Array [
    65,
    141,
    80,
    201,
    141,
    127,
    150,
    36,
    98,
    0,
    76,
    128,
    0,
    0,
    255,
    204,
  ],
  Array [
    31,
    161,
    1,
    65,
    0,
    209,
    1,
    192,
    96,
    0,
    0,
    0,
    4,
    154,
    42,
    159,
  ],
  Array [
    31,
    161,
    1,
    65,
    0,
    209,
    1,
    192,
    96,
    0,
    0,
    0,
    4,
    154,
    42,
    159,
  ],
  Array [
    39,
    53,
    252,
    24,
    24,
    7,
    120,
    119,
    136,
    0,
    191,
    35,
    165,
    60,
    31,
    99,
  ],
  Array [
    48,
    101,
    6,
    23,
    48,
    7,
    114,
    32,
    41,
    96,
    18,
    80,
    91,
    116,
    192,
    93,
  ],
  Array [
    104,
    199,
    1,
    218,
    36,
    192,
    39,
    236,
    224,
    238,
    154,
    153,
    192,
    202,
    173,
    177,
  ],
  Array [
    200,
    37,
    145,
    132,
    47,
    11,
    131,
    4,
    162,
    160,
    104,
    209,
    244,
    224,
    22,
    231,
  ],
  Array [
    42,
    186,
    149,
    25,
    245,
    116,
    120,
    119,
    136,
    255,
    203,
    154,
    31,
    45,
    115,
    104,
  ],
  Array [
    108,
    19,
    90,
    222,
    119,
    192,
    247,
    161,
    31,
    9,
    173,
    5,
    157,
    69,
    114,
    12,
  ],
  Array [
    60,
    13,
    200,
    80,
    16,
    227,
    239,
    114,
    59,
    250,
    213,
    132,
    196,
    173,
    80,
    157,
  ],
  Array [
    4,
    14,
    130,
    22,
    37,
    241,
    65,
    104,
    4,
    14,
    216,
    238,
    97,
    168,
    246,
    53,
  ],
  Array [
    132,
    253,
    127,
    122,
    18,
    182,
    120,
    119,
    136,
    255,
    199,
    192,
    173,
    179,
    40,
    79,
  ],
  Array [
    66,
    13,
    83,
    249,
    219,
    211,
    54,
    36,
    97,
    0,
    76,
    128,
    0,
    0,
    188,
    24,
  ],
  Array [
    31,
    81,
    1,
    65,
    0,
    209,
    1,
    192,
    144,
    0,
    4,
    36,
    2,
    128,
    189,
    206,
  ],
  Array [
    31,
    81,
    1,
    65,
    0,
    209,
    1,
    192,
    144,
    0,
    4,
    36,
    2,
    128,
    189,
    206,
  ],
  Array [
    115,
    6,
    143,
    17,
    140,
    19,
    120,
    119,
    136,
    0,
    43,
    127,
    50,
    83,
    250,
    197,
  ],
  Array [
    0,
    0,
    0,
    0,
    0,
    0,
    0,
    0,
    0,
    0,
    0,
    0,
    0,
    0,
    0,
    0,
  ],
  Array [
    1,
    119,
    0,
    0,
    144,
    114,
    34,
    2,
    150,
    83,
    53,
    32,
    32,
    32,
    32,
    32,
  ],
  Array [
    0,
    0,
    0,
    0,
    0,
    0,
    0,
    0,
    0,
    0,
    0,
    0,
    0,
    0,
    0,
    0,
  ],
  Array [
    24,
    109,
    140,
    75,
    147,
    249,
    8,
    119,
    143,
    2,
    159,
    19,
    29,
    140,
    32,
    87,
  ],
  Array [
    0,
    0,
    0,
    0,
    0,
    0,
    0,
    0,
    0,
    0,
    0,
    0,
    0,
    0,
    0,
    0,
  ],
  Array [
    0,
    0,
    0,
    0,
    0,
    0,
    0,
    0,
    0,
    0,
    0,
    0,
    0,
    0,
    0,
    0,
  ],
  Array [
    0,
    0,
    0,
    0,
    0,
    0,
    0,
    0,
    0,
    0,
    0,
    0,
    0,
    0,
    0,
    0,
  ],
  Array [
    58,
    75,
    186,
    138,
    218,
    240,
    8,
    119,
    143,
    2,
    103,
    54,
    45,
    144,
    249,
    115,
  ],
  Array [
    0,
    0,
    0,
    0,
    0,
    0,
    0,
    0,
    0,
    0,
    0,
    0,
    0,
    0,
    0,
    11,
  ],
  Array [
    0,
    0,
    0,
    0,
    0,
    0,
    0,
    0,
    0,
    0,
    0,
    0,
    0,
    0,
    0,
    11,
  ],
  Array [
    0,
    0,
    0,
    0,
    0,
    0,
    0,
    0,
    0,
    0,
    0,
    0,
    0,
    0,
    0,
    11,
  ],
  Array [
    135,
    101,
    177,
    121,
    104,
    162,
    8,
    119,
    143,
    2,
    98,
    2,
    163,
    143,
    105,
    226,
  ],
  Array [
    0,
    0,
    0,
    0,
    0,
    0,
    0,
    0,
    0,
    0,
    0,
    0,
    0,
    0,
    0,
    0,
  ],
  Array [
    0,
    0,
    0,
    0,
    0,
    0,
    0,
    0,
    0,
    0,
    0,
    0,
    0,
    0,
    0,
    0,
  ],
  Array [
    0,
    0,
    0,
    0,
    0,
    0,
    0,
    0,
    0,
    0,
    0,
    0,
    0,
    0,
    0,
    0,
  ],
  Array [
    64,
    234,
    216,
    7,
    33,
    206,
    8,
    119,
    143,
    2,
    16,
    5,
    51,
    184,
    147,
    49,
  ],
  Array [
    0,
    0,
    0,
    0,
    0,
    0,
    0,
    0,
    0,
    0,
    0,
    0,
    0,
    0,
    0,
    0,
  ],
  Array [
    0,
    0,
    0,
    0,
    0,
    0,
    0,
    0,
    0,
    0,
    0,
    0,
    0,
    0,
    0,
    0,
  ],
  Array [
    0,
    0,
    0,
    0,
    0,
    0,
    0,
    0,
    0,
    0,
    0,
    0,
    0,
    0,
    0,
    0,
  ],
  Array [
    13,
    181,
    230,
    82,
    63,
    124,
    120,
    119,
    136,
    0,
    101,
    58,
    135,
    89,
    64,
    121,
  ],
  Array [
    0,
    0,
    0,
    0,
    0,
    0,
    0,
    0,
    0,
    0,
    0,
    0,
    0,
    0,
    0,
    0,
  ],
  Array [
    0,
    0,
    0,
    0,
    0,
    0,
    0,
    0,
    0,
    0,
    0,
    0,
    0,
    0,
    0,
    0,
  ],
  Array [
    0,
    0,
    0,
    0,
    0,
    0,
    0,
    0,
    0,
    0,
    0,
    0,
    0,
    0,
    0,
    0,
  ],
  Array [
    81,
    17,
    157,
    174,
    82,
    22,
    120,
    119,
    136,
    0,
    216,
    162,
    116,
    178,
    224,
    38,
  ],
  Array [
    0,
    0,
    0,
    0,
    0,
    0,
    0,
    0,
    0,
    0,
    0,
    0,
    0,
    0,
    0,
    0,
  ],
  Array [
    0,
    0,
    0,
    0,
    0,
    0,
    0,
    0,
    0,
    0,
    0,
    0,
    0,
    0,
    0,
    0,
  ],
  Array [
    0,
    0,
    0,
    0,
    0,
    0,
    0,
    0,
    0,
    0,
    0,
    0,
    0,
    0,
    0,
    0,
  ],
  Array [
    81,
    17,
    157,
    174,
    82,
    22,
    120,
    119,
    136,
    0,
    216,
    162,
    116,
    178,
    224,
    38,
  ],
  Array [
    0,
    49,
    7,
    9,
    23,
    6,
    48,
    0,
    0,
    0,
    0,
    0,
    0,
    0,
    0,
    0,
  ],
  Array [
    0,
    0,
    0,
    0,
    0,
    0,
    0,
    0,
    0,
    0,
    0,
    0,
    0,
    0,
    0,
    0,
  ],
  Array [
    0,
    0,
    0,
    0,
    0,
    0,
    0,
    0,
    0,
    0,
    0,
    0,
    0,
    0,
    0,
    0,
  ],
  Array [
    81,
    17,
    157,
    174,
    82,
    22,
    120,
    119,
    136,
    0,
    216,
    162,
    116,
    178,
    224,
    38,
  ],
  Array [
    33,
    192,
    237,
    242,
    232,
    239,
    238,
    226,
    224,
    32,
    32,
    32,
    32,
    32,
    32,
    32,
  ],
  Array [
    32,
    32,
    32,
    32,
    32,
    32,
    32,
    32,
    32,
    32,
    32,
    32,
    32,
    32,
    32,
    32,
  ],
  Array [
    32,
    32,
    0,
    129,
    102,
    0,
    200,
    49,
    57,
    57,
    54,
    48,
    50,
    50,
    50,
    0,
  ],
  Array [
    160,
    161,
    162,
    163,
    164,
    165,
    120,
    119,
    136,
    0,
    125,
    224,
    42,
    127,
    96,
    37,
  ],
  Array [
    110,
    192,
    237,
    237,
    224,
    32,
    209,
    229,
    240,
    227,
    229,
    229,
    226,
    237,
    224,
    32,
  ],
  Array [
    32,
    32,
    32,
    32,
    32,
    32,
    32,
    32,
    32,
    32,
    32,
    32,
    32,
    32,
    32,
    32,
  ],
  Array [
    32,
    32,
    32,
    32,
    32,
    32,
    32,
    32,
    32,
    32,
    32,
    32,
    32,
    32,
    32,
    0,
  ],
  Array [
    160,
    161,
    162,
    163,
    164,
    165,
    120,
    119,
    136,
    0,
    125,
    224,
    42,
    127,
    96,
    37,
  ],
  Array [
    2,
    150,
    67,
    144,
    119,
    34,
    2,
    150,
    1,
    37,
    15,
    23,
    6,
    0,
    119,
    19,
  ],
  Array [
    9,
    16,
    33,
    109,
    0,
    0,
    0,
    0,
    0,
    0,
    0,
    0,
    0,
    0,
    0,
    0,
  ],
  Array [
    0,
    0,
    0,
    0,
    0,
    0,
    0,
    0,
    0,
    0,
    0,
    0,
    0,
    0,
    0,
    9,
  ],
  Array [
    160,
    161,
    162,
    163,
    164,
    165,
    120,
    119,
    136,
    86,
    125,
    224,
    42,
    127,
    96,
    37,
  ],
  Array [
    0,
    0,
    0,
    0,
    0,
    0,
    0,
    0,
    0,
    0,
    0,
    0,
    0,
    0,
    0,
    0,
  ],
  Array [
    0,
    0,
    0,
    0,
    0,
    0,
    0,
    0,
    0,
    0,
    0,
    0,
    0,
    0,
    0,
    0,
  ],
  Array [
    0,
    0,
    0,
    0,
    0,
    0,
    0,
    0,
    0,
    0,
    0,
    0,
    0,
    0,
    0,
    0,
  ],
  Array [
    131,
    227,
    84,
    156,
    228,
    45,
    120,
    119,
    136,
    0,
    178,
    11,
    131,
    203,
    20,
    92,
  ],
  Array [
    0,
    0,
    0,
    0,
    0,
    0,
    0,
    0,
    0,
    0,
    0,
    0,
    0,
    0,
    0,
    0,
  ],
  Array [
    0,
    0,
    0,
    0,
    0,
    0,
    0,
    0,
    0,
    0,
    0,
    0,
    0,
    0,
    0,
    0,
  ],
  Array [
    0,
    0,
    0,
    0,
    0,
    0,
    0,
    0,
    0,
    0,
    0,
    0,
    0,
    0,
    0,
    0,
  ],
  Array [
    19,
    107,
    219,
    36,
    108,
    172,
    120,
    119,
    136,
    0,
    154,
    250,
    108,
    180,
    252,
    61,
  ],
  Array [
    0,
    0,
    0,
    0,
    0,
    0,
    0,
    0,
    0,
    0,
    0,
    0,
    0,
    0,
    0,
    0,
  ],
  Array [
    0,
    0,
    0,
    0,
    0,
    0,
    0,
    0,
    0,
    0,
    0,
    0,
    0,
    0,
    0,
    0,
  ],
  Array [
    0,
    0,
    0,
    0,
    0,
    0,
    0,
    0,
    0,
    0,
    0,
    0,
    0,
    0,
    0,
    0,
  ],
  Array [
    47,
    135,
    247,
    64,
    144,
    209,
    120,
    119,
    136,
    0,
    148,
    244,
    109,
    181,
    253,
    70,
  ],
  Array [
    0,
    0,
    0,
    0,
    0,
    0,
    0,
    0,
    0,
    0,
    0,
    0,
    0,
    0,
    0,
    0,
  ],
  Array [
    0,
    0,
    0,
    0,
    0,
    0,
    0,
    0,
    0,
    0,
    0,
    0,
    0,
    0,
    0,
    0,
  ],
  Array [
    0,
    0,
    0,
    0,
    0,
    0,
    0,
    0,
    0,
    0,
    0,
    0,
    0,
    0,
    0,
    0,
  ],
  Array [
    229,
    62,
    174,
    254,
    71,
    143,
    120,
    119,
    136,
    0,
    195,
    28,
    140,
    212,
    29,
    101,
  ],
  Array [
    0,
    0,
    0,
    0,
    0,
    0,
    0,
    0,
    0,
    0,
    0,
    0,
    0,
    0,
    0,
    0,
  ],
  Array [
    0,
    0,
    0,
    0,
    0,
    0,
    0,
    0,
    0,
    0,
    0,
    0,
    0,
    0,
    0,
    0,
  ],
  Array [
    0,
    0,
    0,
    0,
    0,
    0,
    0,
    0,
    0,
    0,
    0,
    0,
    0,
    0,
    0,
    0,
  ],
  Array [
    206,
    39,
    151,
    231,
    48,
    112,
    120,
    119,
    136,
    0,
    187,
    22,
    132,
    204,
    21,
    93,
  ],
  Array [
    0,
    0,
    0,
    0,
    0,
    0,
    0,
    0,
    0,
    0,
    0,
    0,
    0,
    0,
    0,
    0,
  ],
  Array [
    0,
    0,
    0,
    0,
    0,
    0,
    0,
    0,
    0,
    0,
    0,
    0,
    0,
    0,
    0,
    0,
  ],
  Array [
    0,
    0,
    0,
    0,
    0,
    0,
    0,
    0,
    0,
    0,
    0,
    0,
    0,
    0,
    0,
    0,
  ],
  Array [
    50,
    138,
    3,
    75,
    147,
    219,
    120,
    119,
    136,
    0,
    202,
    35,
    147,
    219,
    36,
    108,
  ],
  Array [
    0,
    0,
    0,
    0,
    0,
    0,
    0,
    0,
    0,
    0,
    0,
    0,
    0,
    0,
    0,
    0,
  ],
  Array [
    0,
    0,
    0,
    0,
    0,
    0,
    0,
    0,
    0,
    0,
    0,
    0,
    0,
    0,
    0,
    0,
  ],
  Array [
    0,
    0,
    0,
    0,
    0,
    0,
    0,
    0,
    0,
    0,
    0,
    0,
    0,
    0,
    0,
    0,
  ],
  Array [
    129,
    225,
    82,
    154,
    226,
    43,
    120,
    119,
    136,
    0,
    29,
    117,
    229,
    46,
    118,
    190,
  ],
  Array [
    0,
    0,
    0,
    0,
    0,
    0,
    0,
    0,
    0,
    0,
    0,
    0,
    0,
    0,
    0,
    0,
  ],
  Array [
    0,
    0,
    0,
    0,
    0,
    0,
    0,
    0,
    0,
    0,
    0,
    0,
    0,
    0,
    0,
    0,
  ],
  Array [
    0,
    0,
    0,
    0,
    0,
    0,
    0,
    0,
    0,
    0,
    0,
    0,
    0,
    0,
    0,
    0,
  ],
  Array [
    252,
    85,
    197,
    14,
    87,
    159,
    120,
    119,
    136,
    0,
    129,
    217,
    82,
    154,
    226,
    35,
  ],
  Array [
    0,
    0,
    0,
    0,
    0,
    0,
    0,
    0,
    0,
    0,
    0,
    0,
    0,
    0,
    0,
    0,
  ],
  Array [
    0,
    0,
    0,
    0,
    0,
    0,
    0,
    0,
    0,
    0,
    0,
    0,
    0,
    0,
    0,
    0,
  ],
  Array [
    0,
    0,
    0,
    0,
    0,
    0,
    0,
    0,
    0,
    0,
    0,
    0,
    0,
    0,
    0,
    0,
  ],
  Array [
    26,
    114,
    226,
    51,
    123,
    195,
    120,
    119,
    136,
    0,
    1,
    89,
    201,
    18,
    90,
    162,
  ],
  Array [
    0,
    0,
    0,
    0,
    0,
    0,
    0,
    0,
    0,
    0,
    0,
    0,
    0,
    0,
    0,
    0,
  ],
  Array [
    0,
    0,
    0,
    0,
    0,
    0,
    0,
    0,
    0,
    0,
    0,
    0,
    0,
    0,
    0,
    0,
  ],
  Array [
    0,
    0,
    0,
    0,
    0,
    0,
    0,
    0,
    0,
    0,
    0,
    0,
    0,
    0,
    0,
    0,
  ],
  Array [
    93,
    181,
    38,
    118,
    190,
    7,
    8,
    119,
    143,
    0,
    82,
    170,
    27,
    107,
    179,
    251,
  ],
  Array [
    0,
    0,
    0,
    0,
    0,
    0,
    0,
    0,
    0,
    0,
    0,
    0,
    0,
    0,
    0,
    0,
  ],
  Array [
    0,
    0,
    0,
    0,
    0,
    0,
    0,
    0,
    0,
    0,
    0,
    0,
    0,
    0,
    0,
    0,
  ],
  Array [
    0,
    0,
    0,
    0,
    0,
    0,
    0,
    0,
    0,
    0,
    0,
    0,
    0,
    0,
    0,
    0,
  ],
  Array [
    246,
    79,
    191,
    8,
    80,
    152,
    8,
    119,
    143,
    0,
    151,
    239,
    96,
    168,
    240,
    49,
  ],
  Array [
    0,
    0,
    0,
    0,
    0,
    0,
    0,
    0,
    0,
    0,
    0,
    0,
    0,
    0,
    0,
    0,
  ],
  Array [
    0,
    0,
    0,
    0,
    0,
    0,
    0,
    0,
    0,
    0,
    0,
    0,
    0,
    0,
    0,
    0,
  ],
  Array [
    0,
    0,
    0,
    0,
    0,
    0,
    0,
    0,
    0,
    0,
    0,
    0,
    0,
    0,
    0,
    0,
  ],
  Array [
    143,
    231,
    88,
    168,
    240,
    57,
    8,
    119,
    143,
    0,
    111,
    199,
    56,
    136,
    208,
    17,
  ],
  Array [
    0,
    0,
    0,
    0,
    0,
    0,
    0,
    0,
    0,
    0,
    0,
    0,
    0,
    0,
    0,
    0,
  ],
  Array [
    0,
    0,
    0,
    0,
    0,
    0,
    0,
    0,
    0,
    0,
    0,
    0,
    0,
    0,
    0,
    0,
  ],
  Array [
    0,
    0,
    0,
    0,
    0,
    0,
    0,
    0,
    0,
    0,
    0,
    0,
    0,
    0,
    0,
    0,
  ],
  Array [
    187,
    20,
    132,
    204,
    21,
    93,
    120,
    119,
    136,
    0,
    58,
    146,
    250,
    67,
    139,
    211,
  ],
  Array [
    0,
    0,
    0,
    0,
    0,
    0,
    0,
    0,
    0,
    0,
    0,
    0,
    0,
    0,
    0,
    0,
  ],
  Array [
    0,
    0,
    0,
    0,
    0,
    0,
    0,
    0,
    0,
    0,
    0,
    0,
    0,
    0,
    0,
    0,
  ],
  Array [
    0,
    0,
    0,
    0,
    0,
    0,
    0,
    0,
    0,
    0,
    0,
    0,
    0,
    0,
    0,
    0,
  ],
  Array [
    187,
    20,
    132,
    204,
    21,
    93,
    120,
    119,
    136,
    0,
    116,
    204,
    61,
    133,
    205,
    14,
  ],
  Array [
    0,
    0,
    0,
    0,
    0,
    0,
    0,
    0,
    0,
    0,
    0,
    0,
    0,
    0,
    0,
    0,
  ],
  Array [
    0,
    0,
    0,
    0,
    0,
    0,
    0,
    0,
    0,
    0,
    0,
    0,
    0,
    0,
    0,
    0,
  ],
  Array [
    0,
    0,
    0,
    0,
    0,
    0,
    0,
    0,
    0,
    0,
    0,
    0,
    0,
    0,
    0,
    0,
  ],
  Array [
    187,
    20,
    132,
    204,
    21,
    93,
    120,
    119,
    136,
    0,
    2,
    90,
    202,
    27,
    99,
    163,
  ],
  Array [
    0,
    0,
    0,
    0,
    0,
    0,
    0,
    0,
    0,
    0,
    0,
    0,
    0,
    0,
    0,
    0,
  ],
  Array [
    0,
    0,
    0,
    0,
    0,
    0,
    0,
    0,
    0,
    0,
    0,
    0,
    0,
    0,
    0,
    0,
  ],
  Array [
    0,
    0,
    0,
    0,
    0,
    0,
    0,
    0,
    0,
    0,
    0,
    0,
    0,
    0,
    0,
    0,
  ],
  Array [
    65,
    153,
    10,
    82,
    154,
    226,
    120,
    119,
    136,
    0,
    175,
    8,
    120,
    200,
    17,
    81,
  ],
  Array [
    192,
    205,
    210,
    200,
    207,
    206,
    194,
    192,
    32,
    32,
    32,
    32,
    32,
    32,
    32,
    32,
  ],
  Array [
    32,
    32,
    32,
    32,
    32,
    32,
    32,
    32,
    32,
    32,
    32,
    32,
    32,
    32,
    32,
    32,
  ],
  Array [
    32,
    32,
    32,
    32,
    32,
    32,
    32,
    32,
    192,
    205,
    205,
    192,
    32,
    32,
    32,
    32,
  ],
  Array [
    32,
    32,
    32,
    32,
    32,
    32,
    32,
    32,
    32,
    32,
    32,
    32,
    32,
    32,
    32,
    32,
  ],
  Array [
    32,
    32,
    32,
    32,
    32,
    32,
    32,
    32,
    32,
    32,
    32,
    32,
    32,
    32,
    32,
    32,
  ],
  Array [
    209,
    197,
    208,
    195,
    197,
    197,
    194,
    205,
    192,
    32,
    32,
    32,
    32,
    32,
    32,
    32,
  ],
  Array [
    32,
    32,
    32,
    32,
    32,
    32,
    32,
    32,
    32,
    32,
    32,
    32,
    32,
    32,
    32,
    32,
  ],
  Array [
    32,
    32,
    32,
    32,
    32,
    32,
    32,
    32,
    25,
    150,
    2,
    34,
    150,
    67,
    144,
    119,
  ],
  Array [
    34,
    2,
    150,
    1,
    37,
    15,
    23,
    6,
    0,
    119,
    33,
    49,
    57,
    56,
    50,
    54,
  ],
  Array [
    51,
    32,
    32,
    32,
    32,
    32,
    32,
    32,
    32,
    52,
    54,
    49,
    49,
    32,
    32,
    32,
  ],
  Array [
    32,
    32,
    32,
    32,
    32,
    32,
    32,
    80,
    0,
    9,
    32,
    16,
    17,
    37,
    210,
    207,
  ],
  Array [
    32,
    51,
    32,
    206,
    211,
    212,
    204,
    209,
    32,
    208,
    206,
    209,
    209,
    200,
    200,
    32,
  ],
  Array [
    207,
    206,
    32,
    204,
    206,
    32,
    194,
    32,
    193,
    192,
    203,
    192,
    216,
    200,
    213,
    200,
  ],
  Array [
    205,
    209,
    202,
    206,
    204,
    32,
    208,
    192,
    201,
    206,
    205,
    197,
    32,
    32,
    32,
    32,
  ],
  Array [
    32,
    32,
    32,
    32,
    32,
    32,
    32,
    32,
    32,
    32,
    32,
    32,
    32,
    32,
    32,
    244,
  ],
  Array [
    205,
    46,
    158,
    230,
    47,
    119,
    120,
    119,
    136,
    1,
    155,
    251,
    108,
    180,
    252,
    69,
  ],
  Array [
    32,
    32,
    32,
    32,
    32,
    32,
    32,
    32,
    32,
    32,
    32,
    32,
    32,
    32,
    32,
    32,
  ],
  Array [
    32,
    32,
    32,
    32,
    32,
    32,
    32,
    32,
    32,
    32,
    32,
    32,
    32,
    32,
    32,
    32,
  ],
  Array [
    32,
    32,
    32,
    32,
    32,
    32,
    32,
    32,
    32,
    32,
    32,
    32,
    32,
    32,
    32,
    32,
  ],
  Array [
    32,
    32,
    32,
    32,
    32,
    32,
    32,
    32,
    32,
    32,
    32,
    32,
    32,
    32,
    32,
    32,
  ],
  Array [
    32,
    32,
    32,
    32,
    32,
    32,
    32,
    32,
    32,
    32,
    32,
    32,
    32,
    32,
    32,
    32,
  ],
  Array [
    32,
    32,
    32,
    32,
    32,
    32,
    32,
    32,
    32,
    32,
    32,
    32,
    32,
    32,
    32,
    32,
  ],
  Array [
    32,
    32,
    32,
    32,
    32,
    32,
    32,
    32,
    32,
    32,
    32,
    32,
    32,
    32,
    32,
    32,
  ],
  Array [
    32,
    32,
    32,
    32,
    32,
    32,
    32,
    32,
    32,
    32,
    32,
    32,
    32,
    32,
    32,
    32,
  ],
  Array [
    32,
    32,
    32,
    32,
    32,
    32,
    32,
    32,
    32,
    32,
    32,
    32,
    32,
    32,
    32,
    32,
  ],
  Array [
    32,
    32,
    32,
    32,
    32,
    32,
    32,
    32,
    32,
    32,
    32,
    32,
    32,
    32,
    32,
    32,
  ],
  Array [
    32,
    32,
    32,
    32,
    32,
    32,
    32,
    32,
    32,
    32,
    32,
    32,
    32,
    32,
    32,
    32,
  ],
  Array [
    32,
    32,
    32,
    32,
    32,
    32,
    32,
    32,
    32,
    0,
    0,
    0,
    0,
    0,
    0,
    0,
  ],
  Array [
    0,
    0,
    0,
    0,
    0,
    0,
    0,
    0,
    0,
    0,
    0,
    0,
    0,
    0,
    0,
    0,
  ],
  Array [
    0,
    0,
    0,
    0,
    0,
    0,
    0,
    0,
    0,
    0,
    0,
    0,
    0,
    0,
    0,
    0,
  ],
  Array [
    0,
    0,
    0,
    0,
    0,
    0,
    0,
    0,
    0,
    0,
    0,
    0,
    0,
    0,
    0,
    100,
  ],
  Array [
    205,
    46,
    158,
    230,
    47,
    119,
    120,
    119,
    136,
    1,
    247,
    80,
    192,
    9,
    81,
    153,
  ],
  Array [
    0,
    0,
    0,
    0,
    0,
    0,
    0,
    0,
    0,
    0,
    0,
    0,
    0,
    0,
    0,
    0,
  ],
  Array [
    0,
    0,
    0,
    0,
    0,
    0,
    0,
    0,
    0,
    0,
    0,
    0,
    0,
    0,
    0,
    0,
  ],
  Array [
    0,
    0,
    0,
    0,
    0,
    0,
    0,
    0,
    0,
    0,
    0,
    0,
    0,
    0,
    0,
    0,
  ],
  Array [
    0,
    0,
    0,
    0,
    0,
    0,
    0,
    0,
    0,
    0,
    0,
    0,
    0,
    0,
    0,
    0,
  ],
  Array [
    0,
    0,
    0,
    0,
    0,
    0,
    0,
    0,
    0,
    0,
    0,
    0,
    0,
    0,
    0,
    0,
  ],
  Array [
    0,
    0,
    0,
    0,
    0,
    0,
    0,
    0,
    0,
    0,
    0,
    0,
    0,
    0,
    0,
    0,
  ],
  Array [
    0,
    0,
    0,
    0,
    0,
    0,
    0,
    0,
    0,
    0,
    0,
    0,
    0,
    0,
    0,
    0,
  ],
  Array [
    0,
    0,
    0,
    0,
    0,
    0,
    0,
    0,
    0,
    0,
    0,
    0,
    0,
    0,
    0,
    0,
  ],
  Array [
    0,
    0,
    0,
    0,
    0,
    0,
    0,
    0,
    0,
    0,
    0,
    0,
    0,
    0,
    0,
    0,
  ],
  Array [
    0,
    0,
    0,
    0,
    0,
    0,
    0,
    0,
    0,
    0,
    0,
    0,
    0,
    0,
    0,
    0,
  ],
  Array [
    0,
    0,
    0,
    0,
    0,
    0,
    0,
    0,
    0,
    0,
    0,
    0,
    0,
    0,
    0,
    0,
  ],
  Array [
    0,
    0,
    0,
    0,
    0,
    0,
    0,
    0,
    0,
    0,
    0,
    0,
    0,
    0,
    0,
    0,
  ],
  Array [
    0,
    0,
    0,
    0,
    0,
    0,
    0,
    0,
    0,
    0,
    0,
    0,
    0,
    0,
    0,
    0,
  ],
  Array [
    0,
    0,
    0,
    0,
    0,
    0,
    0,
    0,
    0,
    0,
    0,
    0,
    0,
    0,
    0,
    0,
  ],
  Array [
    0,
    0,
    0,
    0,
    0,
    0,
    0,
    0,
    0,
    0,
    0,
    0,
    0,
    0,
    0,
    0,
  ],
  Array [
    105,
    193,
    50,
    122,
    194,
    11,
    120,
    119,
    136,
    0,
    7,
    95,
    207,
    24,
    96,
    168,
  ],
  Array [
    0,
    0,
    0,
    0,
    0,
    0,
    0,
    0,
    0,
    0,
    0,
    0,
    0,
    0,
    0,
    0,
  ],
  Array [
    0,
    0,
    0,
    0,
    0,
    0,
    0,
    0,
    0,
    0,
    0,
    0,
    0,
    0,
    0,
    0,
  ],
  Array [
    0,
    0,
    0,
    0,
    0,
    0,
    0,
    0,
    0,
    0,
    0,
    0,
    0,
    0,
    0,
    0,
  ],
  Array [
    0,
    0,
    0,
    0,
    0,
    0,
    0,
    0,
    0,
    0,
    0,
    0,
    0,
    0,
    0,
    0,
  ],
  Array [
    0,
    0,
    0,
    0,
    0,
    0,
    0,
    0,
    0,
    0,
    0,
    0,
    0,
    0,
    0,
    0,
  ],
  Array [
    0,
    0,
    0,
    0,
    0,
    0,
    0,
    0,
    0,
    0,
    0,
    0,
    0,
    0,
    0,
    0,
  ],
  Array [
    0,
    0,
    0,
    0,
    0,
    0,
    0,
    0,
    0,
    0,
    0,
    0,
    0,
    0,
    0,
    0,
  ],
  Array [
    0,
    0,
    0,
    0,
    0,
    0,
    0,
    0,
    0,
    0,
    0,
    0,
    0,
    0,
    0,
    0,
  ],
  Array [
    0,
    0,
    0,
    0,
    0,
    0,
    0,
    0,
    0,
    0,
    0,
    0,
    0,
    0,
    0,
    0,
  ],
  Array [
    0,
    0,
    0,
    0,
    0,
    0,
    0,
    0,
    0,
    0,
    0,
    0,
    0,
    0,
    0,
    0,
  ],
  Array [
    0,
    0,
    0,
    0,
    0,
    0,
    0,
    0,
    0,
    0,
    0,
    0,
    0,
    0,
    0,
    0,
  ],
  Array [
    0,
    0,
    0,
    0,
    0,
    0,
    0,
    0,
    0,
    0,
    0,
    0,
    0,
    0,
    0,
    0,
  ],
  Array [
    0,
    0,
    0,
    0,
    0,
    0,
    0,
    0,
    0,
    0,
    0,
    0,
    0,
    0,
    0,
    0,
  ],
  Array [
    0,
    0,
    0,
    0,
    0,
    0,
    0,
    0,
    0,
    0,
    0,
    0,
    0,
    0,
    0,
    0,
  ],
  Array [
    0,
    0,
    0,
    0,
    0,
    0,
    0,
    0,
    0,
    0,
    0,
    0,
    0,
    0,
    0,
    0,
  ],
  Array [
    60,
    156,
    13,
    85,
    157,
    229,
    120,
    119,
    136,
    0,
    38,
    134,
    238,
    63,
    135,
    199,
  ],
  Array [
    0,
    0,
    0,
    0,
    0,
    0,
    0,
    0,
    0,
    0,
    0,
    0,
    0,
    0,
    0,
    0,
  ],
  Array [
    0,
    0,
    0,
    0,
    0,
    0,
    0,
    0,
    0,
    0,
    0,
    0,
    0,
    0,
    0,
    0,
  ],
  Array [
    0,
    0,
    0,
    0,
    0,
    0,
    0,
    0,
    0,
    0,
    0,
    0,
    0,
    0,
    0,
    0,
  ],
  Array [
    0,
    0,
    0,
    0,
    0,
    0,
    0,
    0,
    0,
    0,
    0,
    0,
    0,
    0,
    0,
    0,
  ],
  Array [
    0,
    0,
    0,
    0,
    0,
    0,
    0,
    0,
    0,
    0,
    0,
    0,
    0,
    0,
    0,
    0,
  ],
  Array [
    0,
    0,
    0,
    0,
    0,
    0,
    0,
    0,
    0,
    0,
    0,
    0,
    0,
    0,
    0,
    0,
  ],
  Array [
    0,
    0,
    0,
    0,
    0,
    0,
    0,
    0,
    0,
    0,
    0,
    0,
    0,
    0,
    0,
    0,
  ],
  Array [
    0,
    0,
    0,
    0,
    0,
    0,
    0,
    0,
    0,
    0,
    0,
    0,
    0,
    0,
    0,
    0,
  ],
  Array [
    0,
    0,
    0,
    0,
    0,
    0,
    0,
    0,
    0,
    0,
    0,
    0,
    0,
    0,
    0,
    0,
  ],
  Array [
    0,
    0,
    0,
    0,
    0,
    0,
    0,
    0,
    0,
    0,
    0,
    0,
    0,
    0,
    0,
    0,
  ],
  Array [
    0,
    0,
    0,
    0,
    0,
    0,
    0,
    0,
    0,
    0,
    0,
    0,
    0,
    0,
    0,
    0,
  ],
  Array [
    0,
    0,
    0,
    0,
    0,
    0,
    0,
    0,
    0,
    0,
    0,
    0,
    0,
    0,
    0,
    0,
  ],
  Array [
    0,
    0,
    0,
    0,
    0,
    0,
    0,
    0,
    0,
    0,
    0,
    0,
    0,
    0,
    0,
    0,
  ],
  Array [
    0,
    0,
    0,
    0,
    0,
    0,
    0,
    0,
    0,
    0,
    0,
    0,
    0,
    0,
    0,
    0,
  ],
  Array [
    0,
    0,
    0,
    0,
    0,
    0,
    0,
    0,
    0,
    0,
    0,
    0,
    0,
    0,
    0,
    0,
  ],
  Array [
    103,
    191,
    56,
    128,
    200,
    17,
    120,
    119,
    136,
    0,
    39,
    127,
    239,
    56,
    128,
    192,
  ],
  Array [
    0,
    0,
    0,
    0,
    0,
    0,
    0,
    0,
    0,
    0,
    0,
    0,
    0,
    0,
    0,
    0,
  ],
  Array [
    0,
    0,
    0,
    0,
    0,
    0,
    0,
    0,
    0,
    0,
    0,
    0,
    0,
    0,
    0,
    0,
  ],
  Array [
    0,
    0,
    0,
    0,
    0,
    0,
    0,
    0,
    0,
    0,
    0,
    0,
    0,
    0,
    0,
    0,
  ],
  Array [
    0,
    0,
    0,
    0,
    0,
    0,
    0,
    0,
    0,
    0,
    0,
    0,
    0,
    0,
    0,
    0,
  ],
  Array [
    0,
    0,
    0,
    0,
    0,
    0,
    0,
    0,
    0,
    0,
    0,
    0,
    0,
    0,
    0,
    0,
  ],
  Array [
    0,
    0,
    0,
    0,
    0,
    0,
    0,
    0,
    0,
    0,
    0,
    0,
    0,
    0,
    0,
    0,
  ],
  Array [
    0,
    0,
    0,
    0,
    0,
    0,
    0,
    0,
    0,
    0,
    0,
    0,
    0,
    0,
    0,
    0,
  ],
  Array [
    0,
    0,
    0,
    0,
    0,
    0,
    0,
    0,
    0,
    0,
    0,
    0,
    0,
    0,
    0,
    0,
  ],
  Array [
    0,
    0,
    0,
    0,
    0,
    0,
    0,
    0,
    0,
    0,
    0,
    0,
    0,
    0,
    0,
    0,
  ],
  Array [
    0,
    0,
    0,
    0,
    0,
    0,
    0,
    0,
    0,
    0,
    0,
    0,
    0,
    0,
    0,
    0,
  ],
  Array [
    0,
    0,
    0,
    0,
    0,
    0,
    0,
    0,
    0,
    0,
    0,
    0,
    0,
    0,
    0,
    0,
  ],
  Array [
    0,
    0,
    0,
    0,
    0,
    0,
    0,
    0,
    0,
    0,
    0,
    0,
    0,
    0,
    0,
    0,
  ],
  Array [
    0,
    0,
    0,
    0,
    0,
    0,
    0,
    0,
    0,
    0,
    0,
    0,
    0,
    0,
    0,
    0,
  ],
  Array [
    0,
    0,
    0,
    0,
    0,
    0,
    0,
    0,
    0,
    0,
    0,
    0,
    0,
    0,
    0,
    0,
  ],
  Array [
    0,
    0,
    0,
    0,
    0,
    0,
    0,
    0,
    0,
    0,
    0,
    0,
    0,
    0,
    0,
    0,
  ],
  Array [
    72,
    160,
    17,
    89,
    161,
    233,
    120,
    119,
    136,
    0,
    130,
    218,
    75,
    147,
    219,
    28,
  ],
  Array [
    0,
    0,
    0,
    0,
    0,
    0,
    0,
    0,
    0,
    0,
    0,
    0,
    0,
    0,
    0,
    0,
  ],
  Array [
    0,
    0,
    0,
    0,
    0,
    0,
    0,
    0,
    0,
    0,
    0,
    0,
    0,
    0,
    0,
    0,
  ],
  Array [
    0,
    0,
    0,
    0,
    0,
    0,
    0,
    0,
    0,
    0,
    0,
    0,
    0,
    0,
    0,
    0,
  ],
  Array [
    0,
    0,
    0,
    0,
    0,
    0,
    0,
    0,
    0,
    0,
    0,
    0,
    0,
    0,
    0,
    0,
  ],
  Array [
    0,
    0,
    0,
    0,
    0,
    0,
    0,
    0,
    0,
    0,
    0,
    0,
    0,
    0,
    0,
    0,
  ],
  Array [
    0,
    0,
    0,
    0,
    0,
    0,
    0,
    0,
    0,
    0,
    0,
    0,
    0,
    0,
    0,
    0,
  ],
  Array [
    0,
    0,
    0,
    0,
    0,
    0,
    0,
    0,
    0,
    0,
    0,
    0,
    0,
    0,
    0,
    0,
  ],
  Array [
    0,
    0,
    0,
    0,
    0,
    0,
    0,
    0,
    0,
    0,
    0,
    0,
    0,
    0,
    0,
    0,
  ],
  Array [
    0,
    0,
    0,
    0,
    0,
    0,
    0,
    0,
    0,
    0,
    0,
    0,
    0,
    0,
    0,
    0,
  ],
  Array [
    0,
    0,
    0,
    0,
    0,
    0,
    0,
    0,
    0,
    0,
    0,
    0,
    0,
    0,
    0,
    0,
  ],
  Array [
    0,
    0,
    0,
    0,
    0,
    0,
    0,
    0,
    0,
    0,
    0,
    0,
    0,
    0,
    0,
    0,
  ],
  Array [
    0,
    0,
    0,
    0,
    0,
    0,
    0,
    0,
    0,
    0,
    0,
    0,
    0,
    0,
    0,
    0,
  ],
  Array [
    0,
    0,
    0,
    0,
    0,
    0,
    0,
    0,
    0,
    0,
    0,
    0,
    0,
    0,
    0,
    0,
  ],
  Array [
    0,
    0,
    0,
    0,
    0,
    0,
    0,
    0,
    0,
    0,
    0,
    0,
    0,
    0,
    0,
    0,
  ],
  Array [
    0,
    0,
    0,
    0,
    0,
    0,
    0,
    0,
    0,
    0,
    0,
    0,
    0,
    0,
    0,
    0,
  ],
  Array [
    43,
    131,
    251,
    68,
    140,
    212,
    120,
    119,
    136,
    0,
    156,
    244,
    109,
    181,
    253,
    70,
  ],
  Array [
    0,
    0,
    0,
    0,
    0,
    0,
    0,
    0,
    0,
    0,
    0,
    0,
    0,
    0,
    0,
    0,
  ],
  Array [
    0,
    0,
    0,
    0,
    0,
    0,
    0,
    0,
    0,
    0,
    0,
    0,
    0,
    0,
    0,
    0,
  ],
  Array [
    0,
    0,
    0,
    0,
    0,
    0,
    0,
    0,
    0,
    0,
    0,
    0,
    0,
    0,
    0,
    0,
  ],
  Array [
    0,
    0,
    0,
    0,
    0,
    0,
    0,
    0,
    0,
    0,
    0,
    0,
    0,
    0,
    0,
    0,
  ],
  Array [
    0,
    0,
    0,
    0,
    0,
    0,
    0,
    0,
    0,
    0,
    0,
    0,
    0,
    0,
    0,
    0,
  ],
  Array [
    0,
    0,
    0,
    0,
    0,
    0,
    0,
    0,
    0,
    0,
    0,
    0,
    0,
    0,
    0,
    0,
  ],
  Array [
    0,
    0,
    0,
    0,
    0,
    0,
    0,
    0,
    0,
    0,
    0,
    0,
    0,
    0,
    0,
    0,
  ],
  Array [
    0,
    0,
    0,
    0,
    0,
    0,
    0,
    0,
    0,
    0,
    0,
    0,
    0,
    0,
    0,
    0,
  ],
  Array [
    0,
    0,
    0,
    0,
    0,
    0,
    0,
    0,
    0,
    0,
    0,
    0,
    0,
    0,
    0,
    0,
  ],
  Array [
    0,
    0,
    0,
    0,
    0,
    0,
    0,
    0,
    0,
    0,
    0,
    0,
    0,
    0,
    0,
    0,
  ],
  Array [
    0,
    0,
    0,
    0,
    0,
    0,
    0,
    0,
    0,
    0,
    0,
    0,
    0,
    0,
    0,
    0,
  ],
  Array [
    0,
    0,
    0,
    0,
    0,
    0,
    0,
    0,
    0,
    0,
    0,
    0,
    0,
    0,
    0,
    0,
  ],
  Array [
    0,
    0,
    0,
    0,
    0,
    0,
    0,
    0,
    0,
    0,
    0,
    0,
    0,
    0,
    0,
    0,
  ],
  Array [
    0,
    0,
    0,
    0,
    0,
    0,
    0,
    0,
    0,
    0,
    0,
    0,
    0,
    0,
    0,
    0,
  ],
  Array [
    0,
    0,
    0,
    0,
    0,
    0,
    0,
    0,
    0,
    0,
    0,
    0,
    0,
    0,
    0,
    0,
  ],
  Array [
    242,
    75,
    187,
    4,
    76,
    148,
    120,
    119,
    136,
    18,
    147,
    235,
    100,
    172,
    244,
    61,
  ],
]
`;

exports[`MifareClassic1K #readUID throws an error if no tag can be found 1`] = `[ReferenceError: No tag has been found.]`;
